[{'data':'Table of Contents','attr':{'id':'fk:AMM24_fk:AMM24-FM_dk:CTOC-24','file':'CTOC-24.pdf'}}]