[
  {
    "data": "Front Matter",
    "attr": {
      "id": "/_fk:AMM24-FM"
    }
  },
  {
    "data": "24-00-00 - General",
    "attr": {
      "id": "/_fk:AMM24-00-00"
    }
  }
]