Initial:
Alice: 
|12| |12| |XX| |XX| 
|XX| |XX| |XX| |XX| 
|XX| |XX| |XX| |XX| 


Bob: 
|11| |11| |XX| |XX| 
|XX| |XX| |XX| |XX| 
|XX| |XX| |XX| |XX| 


Discard pile: 10
Next player: Alice


Frame #1:
Alice: 
|12| |12| |XX| |XX| 
|XX| |XX| |XX| |XX| 
|XX| |XX| |XX| |XX| 
Pending card: 10

Bob: 
|11| |11| |XX| |XX| 
|XX| |XX| |XX| |XX| 
|XX| |XX| |XX| |XX| 


Discard pile: 10
Next player: Alice


Frame #2:
Alice: 
|10| |12| |XX| |XX|
|XX| |XX| |XX| |XX| 
|XX| |XX| |XX| |XX| 

Bob: 
|11| |11| |XX| |XX| 
|XX| |XX| |XX| |XX| 
|XX| |XX| |XX| |XX| 


Discard pile: 10
Next player: Alice
