any: 
|12| |XX| |XX| |XX| 
|XX| |XX| |XX| |XX| 
|XX| |XX| |XX| |XX| 

