any: 
|XX| |XX| |XX| |12| 
|12| |XX| |XX| |XX| 
|XX| |XX| |XX| |XX| 

