any: 
|XX| |XX| |12| |XX| 
|XX| |XX| |XX| |XX| 
|XX| |XX| |XX| |XX| 

