Initial:
Alice: 
|XX| |XX| |XX| |XX| 
|XX| |XX| |XX| |XX| 
|XX| |XX| |XX| |XX| 


Bob: 
|XX| |XX| |XX| |XX| 
|XX| |XX| |XX| |XX| 
|XX| |XX| |XX| |XX| 


Discard pile: 10


Frame #1:
Alice: 
|12| |12| |XX| |XX| 
|XX| |XX| |XX| |XX| 
|XX| |XX| |XX| |XX| 


Bob: 
|12| |12| |XX| |XX| 
|XX| |XX| |XX| |XX| 
|XX| |XX| |XX| |XX| 


Discard pile: 10


Frame #2:
Alice: playedLastTurn
|12| |12| |12| |12| 
|12| |11| |11| |11| 
|11| |11| |10| |10| 


Bob: 
|12| | 8| |XX| |XX| 
|XX| |XX| |XX| |XX| 
|XX| |XX| |XX| |XX| 


Discard pile: 8
Current player: Bob
