Alice: 
|12| |12| |12| |12| 
|12| |12| |12| |12| 
|12| |12| |11| |11| 


Bob: 
|11| |11| |11| |11| 
|11| |11| |11| |11| 
|10| |10| |10| |10| 


Discard pile: 8
Current player: Alice
